7:L3-1,L3-2,L3-3,X1,L1-3,L1-4,X2,X4,L3-8,L3-9,X8,L4-8,L4-7,L4-6;7:L3-1,L3-2,L3-3,X1,L1-3,L1-4,X2,X4,L5-6,L5-5,X5,L1-11,X7,L4-6