6:L5-1,L5-2,L5-3,L5-4,X5,L5-5,L5-6,X4,X3,L1-5,L1-6,L1-7;6:L5-1,L5-2,L5-3,L5-4,X5,L5-5,L5-6,X4,L3-8,L3-9,X8,L1-7;6:L5-1,L5-2,L5-3,L5-4,X5,L1-11,X7,L1-10,L1-9,L1-8,X8,L1-7;6:L5-1,L5-2,L5-3,L5-4,X5,L1-11,X7,L4-6,L4-7,L4-8,X8,L1-7