6:L3-1,L3-2,L3-3,X1,L1-3,L1-4,X2,X4,L3-8,L3-9,X8,L4-8,L4-7